C:/Users/charl/STM32Cube/Repository/STM32Cube_FW_L4_V1.18.1/Projects/B-L475E-IOT01A/Applications/WiFi/WiFi_Client_Server/Src/main.c:73:5:main	1128	static
C:/Users/charl/STM32Cube/Repository/STM32Cube_FW_L4_V1.18.1/Projects/B-L475E-IOT01A/Applications/WiFi/WiFi_Client_Server/Src/main.c:262:13:SystemClock_Config	96	static
C:/Users/charl/STM32Cube/Repository/STM32Cube_FW_L4_V1.18.1/Projects/B-L475E-IOT01A/Applications/WiFi/WiFi_Client_Server/Src/main.c:305:1:__io_putchar	16	static
C:/Users/charl/STM32Cube/Repository/STM32Cube_FW_L4_V1.18.1/Projects/B-L475E-IOT01A/Applications/WiFi/WiFi_Client_Server/Src/main.c:340:6:HAL_GPIO_EXTI_Callback	16	static
C:/Users/charl/STM32Cube/Repository/STM32Cube_FW_L4_V1.18.1/Projects/B-L475E-IOT01A/Applications/WiFi/WiFi_Client_Server/Src/main.c:356:6:SPI3_IRQHandler	8	static
